// Jest Snapshot v1, https://goo.gl/fbAQLP

exports[`LineDiagram it renders 1`] = `
Array [
  <h3>
    Stops
  </h3>,
  <div
    className="m-schedule-line-diagram__stop"
  >
    <div
      className="m-schedule-line-diagram__card-left"
    >
      <div
        className="m-schedule-line-diagram__stop-name"
      >
        <a
          href="/stops/5547"
        >
          <h4>
            Elm St opp Haskell Ave
          </h4>
        </a>
      </div>
      <div
        className="m-schedule-line-diagram__connections"
      >
        <a
          href="/schedules/110/line"
        >
          <span
            className="c-icon__bus-pill--small m-schedule-line-diagram__connection u-bg--bus"
          >
            110
          </span>
        </a>
      </div>
    </div>
    <div>
      <div
        className="m-schedule-line-diagram__features"
      />
    </div>
  </div>,
  <div
    className="m-schedule-line-diagram__stop"
  >
    <div
      className="m-schedule-line-diagram__card-left"
    >
      <div
        className="m-schedule-line-diagram__stop-name"
      >
        <a
          href="/stops/place-north"
        >
          <h4>
            North Station
          </h4>
        </a>
      </div>
      <div
        className="m-schedule-line-diagram__connections"
      >
        <a
          href="/schedules/Orange/line"
        >
          <span
            className="m-schedule-line-diagram__connection"
          >
            <span
              aria-hidden="false"
              className="notranslate c-svg__icon"
              dangerouslySetInnerHTML={
                Object {
                  "__html": "SVG",
                }
              }
            />
          </span>
        </a>
        <a
          href="/schedules/Green-C/line"
        >
          <span
            className="m-schedule-line-diagram__connection"
          >
            <span
              aria-hidden="false"
              className="notranslate c-svg__icon"
              dangerouslySetInnerHTML={
                Object {
                  "__html": "SVG",
                }
              }
            />
          </span>
        </a>
        <a
          href="/schedules/Green-E/line"
        >
          <span
            className="m-schedule-line-diagram__connection"
          >
            <span
              aria-hidden="false"
              className="notranslate c-svg__icon"
              dangerouslySetInnerHTML={
                Object {
                  "__html": "SVG",
                }
              }
            />
          </span>
        </a>
        <a
          href="/schedules/CR-Fitchburg/line"
        >
          <span
            className="m-schedule-line-diagram__connection"
          >
            <span
              aria-hidden="false"
              className="notranslate c-svg__icon"
              dangerouslySetInnerHTML={
                Object {
                  "__html": "SVG",
                }
              }
            />
          </span>
        </a>
      </div>
    </div>
    <div>
      <div
        className="m-schedule-line-diagram__features"
      >
        <span
          aria-hidden="false"
          className="notranslate c-svg__icon-parking-default m-schedule-line-diagram__feature-icon"
          dangerouslySetInnerHTML={
            Object {
              "__html": "SVG",
            }
          }
        />
        <span
          aria-hidden="false"
          className="notranslate c-svg__icon-acessible-default m-schedule-line-diagram__feature-icon"
          dangerouslySetInnerHTML={
            Object {
              "__html": "SVG",
            }
          }
        />
        <span
          className="c-icon__cr-zone m-schedule-line-diagram__feature-icon"
        >
          Zone 1A
        </span>
      </div>
    </div>
  </div>,
  <div
    className="m-schedule-line-diagram__stop"
  >
    <div
      className="m-schedule-line-diagram__card-left"
    >
      <div
        className="m-schedule-line-diagram__stop-name"
      >
        <span
          aria-hidden="false"
          className="notranslate c-svg__icon-alerts-triangle"
          dangerouslySetInnerHTML={
            Object {
              "__html": "SVG",
            }
          }
        />
        <span
          className="sr-only"
        >
          Service alert or delay
        </span>
        Â 
        <a
          href="/stops/place-alfcl"
        >
          <h4>
            Alewife
          </h4>
        </a>
      </div>
      <div
        className="m-schedule-line-diagram__connections"
      >
        <a
          href="/schedules/62/line"
        >
          <span
            className="c-icon__bus-pill--small m-schedule-line-diagram__connection u-bg--bus"
          >
            62
          </span>
        </a>
        <a
          href="/schedules/67/line"
        >
          <span
            className="c-icon__bus-pill--small m-schedule-line-diagram__connection u-bg--bus"
          >
            67
          </span>
        </a>
        <a
          href="/schedules/76/line"
        >
          <span
            className="c-icon__bus-pill--small m-schedule-line-diagram__connection u-bg--bus"
          >
            76
          </span>
        </a>
        <a
          href="/schedules/79/line"
        >
          <span
            className="c-icon__bus-pill--small m-schedule-line-diagram__connection u-bg--bus"
          >
            79
          </span>
        </a>
        <a
          href="/schedules/84/line"
        >
          <span
            className="c-icon__bus-pill--small m-schedule-line-diagram__connection u-bg--bus"
          >
            84
          </span>
        </a>
        <a
          href="/schedules/350/line"
        >
          <span
            className="c-icon__bus-pill--small m-schedule-line-diagram__connection u-bg--bus"
          >
            350
          </span>
        </a>
        <a
          href="/schedules/351/line"
        >
          <span
            className="c-icon__bus-pill--small m-schedule-line-diagram__connection u-bg--bus"
          >
            351
          </span>
        </a>
      </div>
    </div>
    <div>
      <div
        className="m-schedule-line-diagram__features"
      >
        <span
          aria-hidden="false"
          className="notranslate c-svg__icon-parking-default m-schedule-line-diagram__feature-icon"
          dangerouslySetInnerHTML={
            Object {
              "__html": "SVG",
            }
          }
        />
        <span
          aria-hidden="false"
          className="notranslate c-svg__icon-acessible-default m-schedule-line-diagram__feature-icon"
          dangerouslySetInnerHTML={
            Object {
              "__html": "SVG",
            }
          }
        />
      </div>
    </div>
  </div>,
]
`;
